npm : npm WARN config init.author.name Use `--init-author-name` instead.
At line:1 char:1
+ npm run build > .\build_output.txt 2>&1; echo BUILD_DONE
+ ~~~~~~~~~~~~~~~~~~~~~~~~~~~~~~~~~~~~~~~
    + CategoryInfo          : NotSpecified: (npm WARN config...-name` instead. 
   :String) [], RemoteException
    + FullyQualifiedErrorId : NativeCommandError
 
npm WARN config init.author.email Use `--init-author-email` instead.
npm WARN config init.license Use `--init-license` instead.

> react-table-app@0.1.0 build
> react-scripts build

Creating an optimized production build...
Compiled successfully.

File sizes after gzip:

  171.75 kB (+156 B)  build\static\js\main.fd6b1213.js

The project was built assuming it is hosted at /.
You can control this with the homepage field in your package.json.

The build folder is ready to be deployed.
You may serve it with a static server:

  serve -s build

Find out more about deployment here:

  https://cra.link/deployment

